------------------------------------------------------------
TimeQuest Timing Analyzer Summary
------------------------------------------------------------

Type  : Slow 1200mV 85C Model Setup 'clk_principal'
Slack : -3.760
TNS   : -94.787

Type  : Slow 1200mV 85C Model Setup 'contador:Cont_Map|salida'
Slack : -2.326
TNS   : -22.964

Type  : Slow 1200mV 85C Model Setup 'contador:Cont_Map|salida_veloz'
Slack : -0.002
TNS   : -0.002

Type  : Slow 1200mV 85C Model Hold 'clk_principal'
Slack : -0.128
TNS   : -0.215

Type  : Slow 1200mV 85C Model Hold 'contador:Cont_Map|salida_veloz'
Slack : 0.452
TNS   : 0.000

Type  : Slow 1200mV 85C Model Hold 'contador:Cont_Map|salida'
Slack : 0.762
TNS   : 0.000

Type  : Slow 1200mV 85C Model Minimum Pulse Width 'clk_principal'
Slack : -3.000
TNS   : -65.454

Type  : Slow 1200mV 85C Model Minimum Pulse Width 'contador:Cont_Map|salida'
Slack : -1.487
TNS   : -17.844

Type  : Slow 1200mV 85C Model Minimum Pulse Width 'contador:Cont_Map|salida_veloz'
Slack : -1.487
TNS   : -2.974

Type  : Slow 1200mV 0C Model Setup 'clk_principal'
Slack : -3.559
TNS   : -83.765

Type  : Slow 1200mV 0C Model Setup 'contador:Cont_Map|salida'
Slack : -2.037
TNS   : -20.205

Type  : Slow 1200mV 0C Model Setup 'contador:Cont_Map|salida_veloz'
Slack : 0.093
TNS   : 0.000

Type  : Slow 1200mV 0C Model Hold 'clk_principal'
Slack : -0.081
TNS   : -0.146

Type  : Slow 1200mV 0C Model Hold 'contador:Cont_Map|salida_veloz'
Slack : 0.402
TNS   : 0.000

Type  : Slow 1200mV 0C Model Hold 'contador:Cont_Map|salida'
Slack : 0.707
TNS   : 0.000

Type  : Slow 1200mV 0C Model Minimum Pulse Width 'clk_principal'
Slack : -3.000
TNS   : -65.454

Type  : Slow 1200mV 0C Model Minimum Pulse Width 'contador:Cont_Map|salida'
Slack : -1.487
TNS   : -17.844

Type  : Slow 1200mV 0C Model Minimum Pulse Width 'contador:Cont_Map|salida_veloz'
Slack : -1.487
TNS   : -2.974

Type  : Fast 1200mV 0C Model Setup 'clk_principal'
Slack : -1.048
TNS   : -17.739

Type  : Fast 1200mV 0C Model Setup 'contador:Cont_Map|salida'
Slack : -0.443
TNS   : -3.024

Type  : Fast 1200mV 0C Model Setup 'contador:Cont_Map|salida_veloz'
Slack : 0.567
TNS   : 0.000

Type  : Fast 1200mV 0C Model Hold 'clk_principal'
Slack : -0.223
TNS   : -0.446

Type  : Fast 1200mV 0C Model Hold 'contador:Cont_Map|salida_veloz'
Slack : 0.187
TNS   : 0.000

Type  : Fast 1200mV 0C Model Hold 'contador:Cont_Map|salida'
Slack : 0.305
TNS   : 0.000

Type  : Fast 1200mV 0C Model Minimum Pulse Width 'clk_principal'
Slack : -3.000
TNS   : -47.706

Type  : Fast 1200mV 0C Model Minimum Pulse Width 'contador:Cont_Map|salida'
Slack : -1.000
TNS   : -12.000

Type  : Fast 1200mV 0C Model Minimum Pulse Width 'contador:Cont_Map|salida_veloz'
Slack : -1.000
TNS   : -2.000

------------------------------------------------------------
